Traceback (most recent call last):
  File "/home/mark/shared/lumoFlyWheel/scripts/measure_track_b_real_workload.py", line 30, in _raise_for_status_with_body
    response.raise_for_status()
  File "/usr/lib/python3/dist-packages/requests/models.py", line 1021, in raise_for_status
    raise HTTPError(http_error_msg, response=self)
requests.exceptions.HTTPError: 500 Server Error: Internal Server Error for url: http://127.0.0.1:9950/v1/responses

The above exception was the direct cause of the following exception:

Traceback (most recent call last):
  File "/home/mark/shared/lumoFlyWheel/scripts/measure_track_b_real_workload.py", line 400, in <module>
    raise SystemExit(main())
                     ^^^^^^
  File "/home/mark/shared/lumoFlyWheel/scripts/measure_track_b_real_workload.py", line 392, in main
    result = measure(args)
             ^^^^^^^^^^^^^
  File "/home/mark/shared/lumoFlyWheel/scripts/measure_track_b_real_workload.py", line 286, in measure
    warm_rows = _run_warm_batch(
                ^^^^^^^^^^^^^^^^
  File "/home/mark/shared/lumoFlyWheel/scripts/measure_track_b_real_workload.py", line 244, in _run_warm_batch
    row = future.result()
          ^^^^^^^^^^^^^^^
  File "/usr/lib/python3.12/concurrent/futures/_base.py", line 449, in result
    return self.__get_result()
           ^^^^^^^^^^^^^^^^^^^
  File "/usr/lib/python3.12/concurrent/futures/_base.py", line 401, in __get_result
    raise self._exception
  File "/usr/lib/python3.12/concurrent/futures/thread.py", line 58, in run
    result = self.fn(*self.args, **self.kwargs)
             ^^^^^^^^^^^^^^^^^^^^^^^^^^^^^^^^^^
  File "/home/mark/shared/lumoFlyWheel/scripts/measure_track_b_real_workload.py", line 201, in _post_response
    _raise_for_status_with_body(response)
  File "/home/mark/shared/lumoFlyWheel/scripts/measure_track_b_real_workload.py", line 36, in _raise_for_status_with_body
    raise requests.HTTPError(detail, response=response) from exc
requests.exceptions.HTTPError: 500 Server Error: Internal Server Error for url: http://127.0.0.1:9950/v1/responses; response_body={"error":{"message":"EngineCore encountered an issue. See stack trace (above) for the root cause.","type":"InternalServerError","param":null,"code":500}}
