=== [2026-05-25T01:22:09Z] dataset=princeton-nlp/SWE-bench_Verified tag=q36a_E_mtp16 n=16 concurrency=1 ===
Warning: You are sending unauthenticated requests to the HF Hub. Please set a HF_TOKEN to enable higher rate limits and faster downloads.
[startup-gc] removing stale worktree: /home/mark/swe_conc_probe/output/q36a_configA_lowtps_13453/q36a_configA_lowtps_13453/per_task/astropy__astropy-13453/workspace
[2026-05-25T01:22:11Z] -> astropy__astropy-12907
Preparing worktree (detached HEAD d16bfe05a)
HEAD is now at d16bfe05a Merge pull request #12900 from Cadair/custom_compound_model
[2026-05-25T01:54:27Z] <- astropy__astropy-12907 verdict=resolved elapsed_total=1935.8s
[2026-05-25T01:54:27Z] -> astropy__astropy-13033
Preparing worktree (detached HEAD 298ccb478)
HEAD is now at 298ccb478 Merge pull request #13031 from meeseeksmachine/auto-backport-of-pr-13027-on-main
[2026-05-25T02:26:43Z] <- astropy__astropy-13033 verdict=failed elapsed_total=1936.9s
[2026-05-25T02:26:43Z] -> astropy__astropy-13236
Preparing worktree (detached HEAD 6ed769d58)
HEAD is now at 6ed769d58 Merge pull request #13228 from astrofrog/fix-spectralcoord-no-target
[2026-05-25T02:58:55Z] <- astropy__astropy-13236 verdict=failed elapsed_total=1931.8s
[2026-05-25T02:58:55Z] -> astropy__astropy-13398
Preparing worktree (detached HEAD 6500928dc)
HEAD is now at 6500928dc Merge pull request #13502 from taldcroft/better-iers-docs
[2026-05-25T03:29:42Z] <- astropy__astropy-13398 verdict=failed elapsed_total=1846.3s
[2026-05-25T03:29:42Z] -> astropy__astropy-13453
Preparing worktree (detached HEAD 19cc80471)
HEAD is now at 19cc80471 Merge pull request #13444 from eerovaher/unit-format-docs
