=== [2026-05-25T06:34:35Z] dataset=princeton-nlp/SWE-bench_Verified tag=q36a_D_b4 n=16 concurrency=4 ===
Warning: You are sending unauthenticated requests to the HF Hub. Please set a HF_TOKEN to enable higher rate limits and faster downloads.
[startup-gc] removing stale worktree: /home/mark/swe_conc_probe/output/q36a_D_b4/q36a_D_b4/per_task/astropy__astropy-12907/workspace
[startup-gc] removing stale worktree: /home/mark/swe_conc_probe/output/q36a_D_b4/q36a_D_b4/per_task/astropy__astropy-13033/workspace
[startup-gc] removing stale worktree: /home/mark/swe_conc_probe/output/q36a_D_b4/q36a_D_b4/per_task/astropy__astropy-13236/workspace
[startup-gc] removing stale worktree: /home/mark/swe_conc_probe/output/q36a_D_b4/q36a_D_b4/per_task/astropy__astropy-13398/workspace
[2026-05-25T06:34:37Z] -> astropy__astropy-12907
[2026-05-25T06:34:37Z] -> astropy__astropy-13033
[2026-05-25T06:34:37Z] -> astropy__astropy-13236
[2026-05-25T06:34:37Z] -> astropy__astropy-13398
Preparing worktree (detached HEAD 298ccb478)
Preparing worktree (detached HEAD d16bfe05a)
Preparing worktree (detached HEAD 6500928dc)
Preparing worktree (detached HEAD 6ed769d58)
HEAD is now at d16bfe05a Merge pull request #12900 from Cadair/custom_compound_model
HEAD is now at 6500928dc Merge pull request #13502 from taldcroft/better-iers-docs
HEAD is now at 6ed769d58 Merge pull request #13228 from astrofrog/fix-spectralcoord-no-target
HEAD is now at 298ccb478 Merge pull request #13031 from meeseeksmachine/auto-backport-of-pr-13027-on-main
[2026-05-25T07:07:06Z] <- astropy__astropy-12907 verdict=resolved elapsed_total=1949.3s
[2026-05-25T07:07:06Z] -> astropy__astropy-13453
Preparing worktree (detached HEAD 19cc80471)
HEAD is now at 19cc80471 Merge pull request #13444 from eerovaher/unit-format-docs
[2026-05-25T07:07:08Z] <- astropy__astropy-13236 verdict=failed elapsed_total=1950.7s
[2026-05-25T07:07:08Z] -> astropy__astropy-13579
Preparing worktree (detached HEAD 0df94ff70)
HEAD is now at 0df94ff70 Merge pull request #13574 from pllim/rm-corpus-404
[2026-05-25T07:07:08Z] <- astropy__astropy-13033 verdict=failed elapsed_total=1951.0s
[2026-05-25T07:07:08Z] -> astropy__astropy-13977
Preparing worktree (detached HEAD 5250b2442)
HEAD is now at 5250b2442 Merge pull request #14164 from ayshih/grid_performance
