{"B": 1, "M": 6, "KV": 2048, "t_default_ms": 0.04824550007469952}
num_splits lever: DEAD (NotImplementedError)
{"B": 1, "M": 6, "KV": 8192, "t_default_ms": 0.17428651975933462}
{"B": 1, "M": 6, "KV": 32768, "t_default_ms": 0.7753246801439673}
{"B": 1, "M": 22, "KV": 2048, "t_default_ms": 0.051493640057742596}
{"B": 1, "M": 22, "KV": 8192, "t_default_ms": 0.17424460034817457}
{"B": 1, "M": 22, "KV": 32768, "t_default_ms": 0.7557277200976387}
{"B": 4, "M": 6, "KV": 2048, "t_default_ms": 0.14241223980206996}
{"B": 4, "M": 6, "KV": 8192, "t_default_ms": 0.5882558797020465}
{"B": 4, "M": 6, "KV": 32768, "t_default_ms": 2.3134295601630583}
{"B": 4, "M": 22, "KV": 2048, "t_default_ms": 0.13983101991470903}
{"B": 4, "M": 22, "KV": 8192, "t_default_ms": 0.5598348600324243}
{"B": 4, "M": 22, "KV": 32768, "t_default_ms": 2.261143200448714}

=== tax ratios (t22/t6, same B,KV; row-linear fair = 3.67) ===
B=1 KV=2048: t6=0.048 t22=0.051 ratio=1.07
B=1 KV=8192: t6=0.174 t22=0.174 ratio=1.00
B=1 KV=32768: t6=0.775 t22=0.756 ratio=0.97
B=4 KV=2048: t6=0.142 t22=0.140 ratio=0.98
B=4 KV=8192: t6=0.588 t22=0.560 ratio=0.95
B=4 KV=32768: t6=2.313 t22=2.261 ratio=0.98
wrote /logs/fr13_attn_mgeom_bench.json
