=== [2026-06-02T00:59:15Z] dataset=princeton-nlp/SWE-bench_Verified tag=fr9_b4temp06_lowmem088_mtp5_s1_20260602T004903Z n=16 concurrency=4 ===
Warning: You are sending unauthenticated requests to the HF Hub. Please set a HF_TOKEN to enable higher rate limits and faster downloads.
[2026-06-02T00:59:17Z] -> astropy__astropy-12907
[2026-06-02T00:59:17Z] -> astropy__astropy-13033
[2026-06-02T00:59:17Z] -> astropy__astropy-13236
[2026-06-02T00:59:17Z] -> astropy__astropy-13398
Preparing worktree (detached HEAD d16bfe05a)
Preparing worktree (detached HEAD 6ed769d58)
Preparing worktree (detached HEAD 298ccb478)
Preparing worktree (detached HEAD 6500928dc)
HEAD is now at d16bfe05a Merge pull request #12900 from Cadair/custom_compound_model
HEAD is now at 6ed769d58 Merge pull request #13228 from astrofrog/fix-spectralcoord-no-target
HEAD is now at 298ccb478 Merge pull request #13031 from meeseeksmachine/auto-backport-of-pr-13027-on-main
HEAD is now at 6500928dc Merge pull request #13502 from taldcroft/better-iers-docs
[2026-06-02T01:28:54Z] <- astropy__astropy-13398 verdict=failed elapsed_total=1776.6s
[2026-06-02T01:28:54Z] -> astropy__astropy-13453
Preparing worktree (detached HEAD 19cc80471)
HEAD is now at 19cc80471 Merge pull request #13444 from eerovaher/unit-format-docs
[2026-06-02T01:30:10Z] <- astropy__astropy-13033 verdict=failed elapsed_total=1853.2s
[2026-06-02T01:30:10Z] -> astropy__astropy-13579
Preparing worktree (detached HEAD 0df94ff70)
HEAD is now at 0df94ff70 Merge pull request #13574 from pllim/rm-corpus-404
[2026-06-02T01:30:14Z] <- astropy__astropy-13236 verdict=failed elapsed_total=1857.2s
[2026-06-02T01:30:14Z] -> astropy__astropy-13977
Preparing worktree (detached HEAD 5250b2442)
HEAD is now at 5250b2442 Merge pull request #14164 from ayshih/grid_performance
[2026-06-02T01:30:15Z] <- astropy__astropy-12907 verdict=resolved elapsed_total=1857.7s
[2026-06-02T01:30:15Z] -> astropy__astropy-14096
Preparing worktree (detached HEAD 1a4462d72)
HEAD is now at 1a4462d72 Merge pull request #14102 from zoghbi-a/fix-votable-validator-issue-#14099
